$ Success.
$ Trader with given ID already exists.
$ Initial balance cannot be negative.
$ Success.
$ Success.
$ Trader now has 100.00 units of ABC.
$ No trades could be made, order added to buy book.
$ Product sold in entirety, trades as follows:
trader1->trader2: 10.00xABC for $7.50.
$ Trader now has 100.00 units of book.
$ Trader now has no units of book.
$ Trader now has 100.00 units of book.
$ No trades could be made, order added to sell book.
$ No trades have been completed with given product.
$ Have a nice day.
