$ Success.
$ Could not import product into market.
$ Could not export product out of market.
$ Could not export product out of market.
$ Product not in inventory.
$ Trader now has 10.00 units of pencil.
$ Could not export product out of market.
$ Have a nice day.
